VMVMV